// Jest Snapshot v1, https://goo.gl/fbAQLP

exports[`renders homepage unchanged 1`] = `
<header
  className=""
  style={
    Object {
      "backdropFilter": undefined,
      "backgroundColor": undefined,
    }
  }
>
  <style
    jsx={true}
  >
    
          .head-logo {
            display: flex;
            align-items: center;
          }
          header {
            background-color: var(--bg-opacity);
            backdrop-filter: blur(25px) saturate(150%) brightness(1.1);
            z-index: 5;
            transition: transform 0.5s, backdrop-filter 0.5s;
          }
          header.hide {
            transform: translateY(-100%);
          }
          @media screen and (max-width: 600px) {
            .head-logo {
              display: block;
            }
          }

          html.dark header {
            backdrop-filter: saturate(150%) blur(30px);
          }
        
  </style>
  <div
    className="head-logo"
    onClick={[Function]}
  >
    <svg
      version="1.1"
      viewBox="0 0 200 200"
    >
      <desc>
        Created with Sketch.
      </desc>
      <g
        fill="none"
        fillRule="evenodd"
        id="Custom-Preset"
        stroke="none"
        strokeWidth="1"
      >
        <g
          id="Group"
          transform="translate(1.000000, 0.000000)"
        >
          <g
            fillRule="nonzero"
            transform="translate(0.891670, 0.001664)"
          >
            <g
              fill="currentColor"
              id="Shape-2"
            >
              <path
                d="M97.9232558,0 C43.8413297,0 0,43.8413297 0,97.9232558 C0,152.005182 43.8413297,195.846512 97.9232558,195.846512 C152.005182,195.846512 195.846512,152.005182 195.846512,97.9232558 C195.846512,43.8413297 152.005182,0 97.9232558,0 Z M97.9232558,184.96615 C49.8516415,184.96615 10.8803618,145.99487 10.8803618,97.9232558 C10.8803618,49.8516415 49.8516415,10.8803618 97.9232558,10.8803618 C145.99487,10.8803618 184.96615,49.8516415 184.96615,97.9232558 C184.96615,145.99487 145.99487,184.96615 97.9232558,184.96615 Z"
                id="Shape"
              />
            </g>
            <circle
              cx="97.9232558"
              cy="97.9232558"
              id="Oval"
              r="78.8162791"
            />
          </g>
          <g
            id="Shape"
            stroke="currentColor"
            strokeWidth="8.8"
            transform="translate(48.391670, 47.501664)"
          >
            <path
              d="M50.1120234,100.116279 L0,50.1120234 L50.1120234,0 L100.116279,50.0042556 L50.1120234,100.116279 Z M90.5813953,57.2093023 L72.7145681,40.3711034 L50.1119553,19.0697674 L9.53488372,57.2093023 M71.5116279,42.9069767 L33.372093,81.0465116 M28.6046512,42.9069767 L66.744186,81.0465116"
            />
          </g>
        </g>
      </g>
    </svg>
  </div>
  <div
    className="head-swiper"
  >
    <nav
      className="head-info"
    >
      <div
        className="desc"
      >
        <div
          className="meta"
        />
        <div
          className="title"
        />
      </div>
    </nav>
    <nav
      className="head-menu head-menu"
    />
  </div>
  <nav
    className="head-social"
  />
</header>
`;
